$ uname -a
Linux localhost.localdomain 6.6.0-132.0.0.111.oe2403sp3.x86_64 #1 SMP Mon Dec 29 23:07:38 CST 2025 x86_64 x86_64 x86_64 GNU/Linux
$ mount
/dev/mapper/openeuler-root on / type ext4 (rw,relatime,seclabel)
devtmpfs on /dev type devtmpfs (rw,nosuid,seclabel,size=4096k,nr_inodes=4038250,mode=755)
tmpfs on /dev/shm type tmpfs (rw,nosuid,nodev,seclabel)
devpts on /dev/pts type devpts (rw,nosuid,noexec,relatime,seclabel,gid=5,mode=620,ptmxmode=000)
sysfs on /sys type sysfs (rw,nosuid,nodev,noexec,relatime,seclabel)
securityfs on /sys/kernel/security type securityfs (rw,nosuid,nodev,noexec,relatime)
cgroup2 on /sys/fs/cgroup type cgroup2 (rw,nosuid,nodev,noexec,relatime,seclabel,nsdelegate,memory_recursiveprot)
bpf on /sys/fs/bpf type bpf (rw,nosuid,nodev,noexec,relatime,mode=700)
configfs on /sys/kernel/config type configfs (rw,nosuid,nodev,noexec,relatime)
proc on /proc type proc (rw,nosuid,nodev,noexec,relatime)
tmpfs on /run type tmpfs (rw,nosuid,nodev,seclabel,size=6468384k,nr_inodes=819200,mode=755)
selinuxfs on /sys/fs/selinux type selinuxfs (rw,nosuid,noexec,relatime)
systemd-1 on /proc/sys/fs/binfmt_misc type autofs (rw,relatime,fd=32,pgrp=1,timeout=0,minproto=5,maxproto=5,direct,pipe_ino=3830)
tracefs on /sys/kernel/tracing type tracefs (rw,nosuid,nodev,noexec,relatime,seclabel)
debugfs on /sys/kernel/debug type debugfs (rw,nosuid,nodev,noexec,relatime,seclabel)
mqueue on /dev/mqueue type mqueue (rw,nosuid,nodev,noexec,relatime,seclabel)
hugetlbfs on /dev/hugepages type hugetlbfs (rw,nosuid,nodev,relatime,seclabel,pagesize=2M)
tmpfs on /tmp type tmpfs (rw,nosuid,nodev,seclabel,size=16170956k,nr_inodes=1048576)
fusectl on /sys/fs/fuse/connections type fusectl (rw,nosuid,nodev,noexec,relatime)
/dev/vda2 on /boot type ext4 (rw,relatime,seclabel)
/dev/mapper/openeuler-home on /home type ext4 (rw,relatime,seclabel)
binfmt_misc on /proc/sys/fs/binfmt_misc type binfmt_misc (rw,nosuid,nodev,noexec,relatime)
tmpfs on /run/netns type tmpfs (rw,nosuid,nodev,seclabel,size=6468384k,nr_inodes=819200,mode=755)
tracefs on /sys/kernel/debug/tracing type tracefs (rw,nosuid,nodev,noexec,relatime,seclabel)
tmpfs on /var/lib/kubelet/pods/3dafb237-2733-4876-a9a1-06e1e70ab114/volumes/kubernetes.io~projected/kube-api-access-kds9r type tmpfs (rw,relatime,seclabel,size=174080k)
tmpfs on /var/lib/kubelet/pods/cd3de86e-aae9-4c82-a61b-8926900f308f/volumes/kubernetes.io~projected/kube-api-access-rk6h8 type tmpfs (rw,relatime,seclabel,size=32341908k)
nsfs on /run/netns/cni-5c0ea06a-20e5-0415-7b92-9b1da58eab51 type nsfs (rw)
nsfs on /run/netns/cni-5c0ea06a-20e5-0415-7b92-9b1da58eab51 type nsfs (rw)
nsfs on /run/netns/cni-b1a16d43-e1aa-7f1c-17f1-364f5278babc type nsfs (rw)
nsfs on /run/netns/cni-b1a16d43-e1aa-7f1c-17f1-364f5278babc type nsfs (rw)
shm on /run/k3s/containerd/io.containerd.grpc.v1.cri/sandboxes/f60cd028d19434595f6b7a66adb3efd9499a5efa2e6cee2f22b465f992a9f939/shm type tmpfs (rw,nosuid,nodev,noexec,relatime,seclabel,size=65536k)
/dev/mapper/openeuler-root on /run/k3s/containerd/io.containerd.runtime.v2.task/k8s.io/f60cd028d19434595f6b7a66adb3efd9499a5efa2e6cee2f22b465f992a9f939/rootfs type ext4 (rw,relatime,seclabel)
shm on /run/k3s/containerd/io.containerd.grpc.v1.cri/sandboxes/1a581e5bd53963a7ec9877ea3413578ffc0fb1accd355fb63708a76eaee530fc/shm type tmpfs (rw,nosuid,nodev,noexec,relatime,seclabel,size=65536k)
/dev/mapper/openeuler-root on /run/k3s/containerd/io.containerd.runtime.v2.task/k8s.io/1a581e5bd53963a7ec9877ea3413578ffc0fb1accd355fb63708a76eaee530fc/rootfs type ext4 (rw,relatime,seclabel)
tmpfs on /var/lib/kubelet/pods/ec49c0af-8ae7-462b-8a6d-9fef2b0b62b3/volumes/kubernetes.io~projected/kube-api-access-tltsb type tmpfs (rw,relatime,seclabel,size=32341908k)
nsfs on /run/netns/cni-fd6a01f7-b3bb-5676-34bc-79d7bde26f83 type nsfs (rw)
nsfs on /run/netns/cni-fd6a01f7-b3bb-5676-34bc-79d7bde26f83 type nsfs (rw)
shm on /run/k3s/containerd/io.containerd.grpc.v1.cri/sandboxes/c36ab7dc1c178d291bbc4cd6a666a340efd0a2486a6d195016bdc5ecc8106662/shm type tmpfs (rw,nosuid,nodev,noexec,relatime,seclabel,size=65536k)
/dev/mapper/openeuler-root on /run/k3s/containerd/io.containerd.runtime.v2.task/k8s.io/c36ab7dc1c178d291bbc4cd6a666a340efd0a2486a6d195016bdc5ecc8106662/rootfs type ext4 (rw,relatime,seclabel)
/dev/mapper/openeuler-root on /run/k3s/containerd/io.containerd.runtime.v2.task/k8s.io/0c5f17f8cee29b12219652da904121b83fb3774e2fe6b5fcc8ac3ad0b6a672f4/rootfs type ext4 (rw,relatime,seclabel)
$ cat /proc/self/cgroup
0::/system.slice/sshd.service
