1..14
ok 1 - make agent
ok 2 - make network-policy-demo
ok 3 - make network-qos-tc
ok 4 - make security-policy-demo
ok 5 - --list-skills outputs formal network_policy/network_qos skills
ok 6 - --doctor-skills exit 0
  metrics config:   prometheus:
    enabled: false
    listen:  127.0.0.1:9108
ok 7 - agent 15s smoke
ok 8 - network_policy default disabled
ok 9 - network_qos default disabled
ok 10 - security_policy_demo default disabled
ok 11 - metrics default disabled on 127.0.0.1
ok 12 - dashboard index.html exists and non-empty
ok 13 - frozen result dirs exist (Redis=7, Nginx=3)
ok 14 - no BPF/LSM/TC residue

# optional checks
ok - agent 100-round stress smoke
ok - doctor 5-round stable

quality gate complete
