EulerPilot v3.1 start repo status
timestamp=20260629-1859
timezone=Asia/Shanghai
note=9c4ccce is previous policy_engine feature commit; 7b2cb84 is completion report commit.
local_index_lock=removed_before_snapshot

[local]
head=7b2cb84cd37d11cd7d920dc5ba801e847d595a5e
log=7b2cb84 Document current completion report
log=9c4ccce Add policy engine cross skill response
log=73e8ff8 Add real runtime and pod target harness
remote=origin	https://github.com/shibuchou/EulerPilot.git (fetch)
remote=origin	https://github.com/shibuchou/EulerPilot.git (push)
status=clean_before_snapshot

[121]
head=7b2cb84cd37d11cd7d920dc5ba801e847d595a5e
log=7b2cb84 Document current completion report
log=9c4ccce Add policy engine cross skill response
log=73e8ff8 Add real runtime and pod target harness
remote=origin	https://github.com/shibuchou/EulerPilot.git (fetch)
remote=origin	https://github.com/shibuchou/EulerPilot.git (push)
status=clean

[122]
head=7b2cb84cd37d11cd7d920dc5ba801e847d595a5e
log=7b2cb84 Document current completion report
log=9c4ccce Add policy engine cross skill response
log=73e8ff8 Add real runtime and pod target harness
remote=origin	https://github.com/shibuchou/EulerPilot.git (fetch)
remote=origin	https://github.com/shibuchou/EulerPilot.git (push)
status=clean

[github]
5f005514f3a2329b80e7d987f413e1901bbca3bc	refs/heads/github-main-backup-20260629-1718
7b2cb84cd37d11cd7d920dc5ba801e847d595a5e	refs/heads/main
