$ uname -a
Linux localhost.localdomain 6.6.0-olk66-scx #1 SMP Wed Jun 10 17:28:48 CST 2026 x86_64 x86_64 x86_64 GNU/Linux
$ mount
/dev/mapper/openeuler-root on / type ext4 (rw,relatime,seclabel)
devtmpfs on /dev type devtmpfs (rw,nosuid,seclabel,size=4096k,nr_inodes=4030990,mode=755)
tmpfs on /dev/shm type tmpfs (rw,nosuid,nodev,seclabel)
devpts on /dev/pts type devpts (rw,nosuid,noexec,relatime,seclabel,gid=5,mode=620,ptmxmode=000)
sysfs on /sys type sysfs (rw,nosuid,nodev,noexec,relatime,seclabel)
securityfs on /sys/kernel/security type securityfs (rw,nosuid,nodev,noexec,relatime)
cgroup2 on /sys/fs/cgroup type cgroup2 (rw,nosuid,nodev,noexec,relatime,seclabel,nsdelegate,memory_recursiveprot)
bpf on /sys/fs/bpf type bpf (rw,nosuid,nodev,noexec,relatime,mode=700)
configfs on /sys/kernel/config type configfs (rw,nosuid,nodev,noexec,relatime)
proc on /proc type proc (rw,nosuid,nodev,noexec,relatime)
tmpfs on /run type tmpfs (rw,nosuid,nodev,seclabel,size=6468348k,nr_inodes=819200,mode=755)
selinuxfs on /sys/fs/selinux type selinuxfs (rw,nosuid,noexec,relatime)
systemd-1 on /proc/sys/fs/binfmt_misc type autofs (rw,relatime,fd=32,pgrp=1,timeout=0,minproto=5,maxproto=5,direct,pipe_ino=8954)
tracefs on /sys/kernel/tracing type tracefs (rw,nosuid,nodev,noexec,relatime,seclabel)
mqueue on /dev/mqueue type mqueue (rw,nosuid,nodev,noexec,relatime,seclabel)
hugetlbfs on /dev/hugepages type hugetlbfs (rw,nosuid,nodev,relatime,seclabel,pagesize=2M)
debugfs on /sys/kernel/debug type debugfs (rw,nosuid,nodev,noexec,relatime,seclabel)
tmpfs on /tmp type tmpfs (rw,nosuid,nodev,seclabel,nr_inodes=1048576)
fusectl on /sys/fs/fuse/connections type fusectl (rw,nosuid,nodev,noexec,relatime)
/dev/vda2 on /boot type ext4 (rw,relatime,seclabel)
/dev/mapper/openeuler-home on /home type ext4 (rw,relatime,seclabel)
binfmt_misc on /proc/sys/fs/binfmt_misc type binfmt_misc (rw,nosuid,nodev,noexec,relatime)
tmpfs on /run/netns type tmpfs (rw,nosuid,nodev,seclabel,size=6468348k,nr_inodes=819200,mode=755)
tracefs on /sys/kernel/debug/tracing type tracefs (rw,nosuid,nodev,noexec,relatime,seclabel)
tmpfs on /var/lib/kubelet/pods/a98c5866-a412-4036-a035-566d50b158f7/volumes/kubernetes.io~projected/kube-api-access-xk6sm type tmpfs (rw,relatime,seclabel,size=32341736k)
tmpfs on /var/lib/kubelet/pods/99fae507-c1f4-4bea-ac2e-09b993e511b1/volumes/kubernetes.io~projected/kube-api-access-6snwp type tmpfs (rw,relatime,seclabel,size=174080k)
nsfs on /run/netns/cni-6c2fabe5-a0c5-2646-f807-661eb1091468 type nsfs (rw)
nsfs on /run/netns/cni-6c2fabe5-a0c5-2646-f807-661eb1091468 type nsfs (rw)
shm on /run/k3s/containerd/io.containerd.grpc.v1.cri/sandboxes/fe8f2068dd8cb2aac7efdd4e69cceb3cc864abc0bcccf6d8e8ac3419492b6f57/shm type tmpfs (rw,nosuid,nodev,noexec,relatime,seclabel,size=65536k)
/dev/mapper/openeuler-root on /run/k3s/containerd/io.containerd.runtime.v2.task/k8s.io/fe8f2068dd8cb2aac7efdd4e69cceb3cc864abc0bcccf6d8e8ac3419492b6f57/rootfs type ext4 (rw,relatime,seclabel)
nsfs on /run/netns/cni-32c0a6b4-2a9a-ec34-4b77-2f718ff20f91 type nsfs (rw)
nsfs on /run/netns/cni-32c0a6b4-2a9a-ec34-4b77-2f718ff20f91 type nsfs (rw)
shm on /run/k3s/containerd/io.containerd.grpc.v1.cri/sandboxes/68241ad48333055c52e3174ed908d5ea33feff942c8f786d913d08c9ed877f06/shm type tmpfs (rw,nosuid,nodev,noexec,relatime,seclabel,size=65536k)
/dev/mapper/openeuler-root on /run/k3s/containerd/io.containerd.runtime.v2.task/k8s.io/68241ad48333055c52e3174ed908d5ea33feff942c8f786d913d08c9ed877f06/rootfs type ext4 (rw,relatime,seclabel)
tmpfs on /var/lib/kubelet/pods/03a42fb7-0c29-4c32-9dde-bd5367b9cfcc/volumes/kubernetes.io~projected/kube-api-access-4lsdp type tmpfs (rw,relatime,seclabel,size=32341736k)
nsfs on /run/netns/cni-e3598d3a-28ab-c400-7b7c-47514f93fb74 type nsfs (rw)
nsfs on /run/netns/cni-e3598d3a-28ab-c400-7b7c-47514f93fb74 type nsfs (rw)
shm on /run/k3s/containerd/io.containerd.grpc.v1.cri/sandboxes/b84f2bf0e28a05bf1381971d8b73d0836f7674038912232f2d47e7a3db7a0354/shm type tmpfs (rw,nosuid,nodev,noexec,relatime,seclabel,size=65536k)
/dev/mapper/openeuler-root on /run/k3s/containerd/io.containerd.runtime.v2.task/k8s.io/b84f2bf0e28a05bf1381971d8b73d0836f7674038912232f2d47e7a3db7a0354/rootfs type ext4 (rw,relatime,seclabel)
/dev/mapper/openeuler-root on /run/k3s/containerd/io.containerd.runtime.v2.task/k8s.io/f519641e3f273297aa06bf8af15ed795ec52ad1f6e62df6be023517061f8b157/rootfs type ext4 (rw,relatime,seclabel)
$ cat /proc/self/cgroup
0::/system.slice/sshd.service
