1..22
ok 1 - make agent
ok 2 - make network-policy
ok 3 - make network-qos-tc
ok 4 - make network-xdp
ok 5 - make security-policy
ok 6 - make unit-tests
ok 7 - --list-skills outputs formal network and security policy skills
ok 8 - --doctor-skills exit 0
  metrics config:   prometheus:
    enabled: false
    listen:  127.0.0.1:9108
ok 9 - agent 15s smoke
ok 10 - network_policy default disabled
ok 11 - network_qos default disabled
ok 12 - network_xdp default disabled
ok 13 - security_policy default disabled
ok 14 - security_policy_demo default disabled
ok 15 - metrics default disabled on 127.0.0.1
ok 16 - dashboard index.html exists and non-empty
ok 17 - frozen result dirs exist (Redis=18, Nginx=7)
ok 18 - resource_control CPU+Memory+IO evidence
ok 19 - resource_control target_ref evidence
ok 20 - resource_control runtime target evidence
ok 21 - resource_control CPU quota effect evidence
ok 22 - no BPF/LSM/TC/XDP residue

# optional checks
ok - agent 100-round stress smoke
ok - doctor 5-round stable

quality gate complete
