
  Doctor mode: live-probe (may load short-lived probes)

  Capability Detector
  --------------------------------------------------
  + bpf_lsm            available /sys/kernel/security/lsm
  + btf                available /sys/kernel/btf/vmlinux
  + cgroup_v2          available /sys/fs/cgroup/cgroup.controllers
  ! kubernetes         missing kubectl command
  + memory_reclaim     available /sys/fs/cgroup/memory.reclaim
  + psi_cpu            available /proc/pressure/cpu
  + psi_io             available /proc/pressure/io
  + psi_memory         available /proc/pressure/memory
  + ringbuf            available libbpf ringbuf requires BTF/libbpf runtime
  + sched_ext          available /sys/kernel/sched_ext
  + tc                 available tc command
  + xdp                available /sys/class/net/* with generic fallback
  --------------------------------------------------

  Skills Doctor
  --------------------------------------------------
  + resource_control       created
  + psi_gate               created
  x policy_engine          created [policy-engine-target-missing:anomaly_background]
  x network_policy         created [network-policy-bpf-not-built]
  x network_policy_demo    created [network-policy-bpf-not-built]
  x network_qos            created [network-qos-tc-not-built]
  x network_xdp            created [network-xdp-bpf-not-built]
  x security_policy        created [security-policy-bpf-not-built]
  x security_policy_demo   created [security-policy-bpf-not-built]
  --------------------------------------------------

