
== evidence index ==
# EulerPilot 最终证据索引

更新时间：`2026-07-03`

本文作为答辩和最终提交前的证据入口，集中索引 EulerPilot 当前已经具备的设计文档、测试脚本、结果目录和演示材料。日期快照文档不反复覆盖；滚动进度以 `docs/progress_status.md` 为准。

## 核心入口

- 项目总览：`README.md`
- 赛题宣讲参考：`docs/contest_briefing_reference.md`
- 架构说明：`docs/architecture.md`
- 当前进度看板：`docs/progress_status.md`
- 提交检查表：`docs/submission_checklist.md`
- v3.1 开始状态：`docs/v3_1_start_status_20260629.md`
- v3.1 开始仓库快照：`reports/v3_1_start_repo_status_20260629-1859.log`

## 证据压缩入口

- 证据白名单清单：`configs/final_evidence_manifest.json`
- 生成脚本：`scripts/collect_final_evidence.py`
- 压缩 Markdown 报告：`reports/final_evidence_compact.md`
- 机器可读 JSON：`reports/final_evidence_compact.json`

生成命令：

```bash
python3 scripts/collect_final_evidence.py --strict
```

当前压缩报告覆盖 32 个核心条目：质量门禁、仓库快照、Redis/Nginx sched_ext、SP4 RUNS=3 workload、Network QoS/XDP、Security anomaly/process filter/combo scope/deep hook、Resource Control CPU/Memory/IO/Pod target、Policy Engine 双机联动与真实 Pod 联动。`--strict` 当前通过，必需证据缺失为 0、清单警告为 0。

## Skill 证据

- CPU Scheduling / sched_ext：`docs/final_results_summary.md`、`docs/final_report_submission.md`
- Network Policy / QoS / XDP：`docs/network_policy_skill.md`
- Security Policy / LSM / anomaly：`docs/security_policy_skill.md`
- Resource Control / CPU+Memory+IO：`docs/resource_control_skill.md`
- Policy Engine 跨 Skill 联动：`docs/policy_engine_skill.md`

## v3.1 关键链路

第二条跨 Skill 联动链路：

```text
security_policy burst_connect anomaly
  -> policy_engine decision
  -> resource_control demo_cgroup cpu.max / memory.high
  -> network_qos lab_netdev tc/tbf 2mbit
  -> AuditBus + ActionJournal
  -> stop rollback
```

配置入口：

- `configs/policy_engine_security_network_resource.yaml`
- `configs/policy_engine_security_network_resource.skills.yaml`

服务联动 Security anomaly 证据：

- 121：`results/security_policy/anomaly-rules-20260703-121-v4`
- 122：`results/security_policy/anomaly-rules-20260703-122-v2`
- 关键文件：`security_policy_events.anomaly-rules.jsonl`、`anomaly_event_summary.txt`、`summary.txt`、`report.md`

Security anomaly 进程过滤证据：

- 121：`results/security_policy/anomaly-process-filter-20260703-121-v1`
- 122：`results/security_policy/anomaly-process-filter-20260703-122-v1`
- 关键文件：`security_policy_events.anomaly-process-filter.jsonl`、`anomaly_process_filter_summary.txt`、`summary.txt`、`report.md`

Security anomaly 组合 scope 过滤证据：

- 121：`results/security_policy/anomaly-combo-scope-20260703-121-v1`
- 122：`results/security_policy/anomaly-combo-scope-20260703-122-v1`
- 关键文件：`security_policy_events.anomaly-combo-scope.jsonl`、`anomaly_combo_scope_summary.txt`、`summary.txt`、`report.md`
- 验证口径：scope 外同样的 Python `/etc` open burst 不触发；进入目标 cgroup 后，同一条规则同时匹配 `target_ref`、`path_prefix` 和 `comm_prefix` 才触发。

Credential 生命周期 anomaly 证据：

- 121：`results/security_policy/credential-anomaly-20260703-121-v4`
- 122：`results/security_policy/credential-anomaly-20260703-122-v4`
- 关键文件：`security_policy_events.credential-anomaly.jsonl`、`security_policy_events.credential-hits.jsonl`、`anomaly_event_summary.txt`、`summary.txt`、`report.md`

Credential deep hook 评估证据：

- 121：`results/security_policy/credential-deep-hooks-20260703-121-v2`
- 122：`results/security_policy/credential-deep-hooks-20260703-122-v2`
- 关键文件：`deep_hook_status.txt`、`security_policy_events.credential-deep-hits.jsonl`、`security_policy_events.credential-deep-anomaly.jsonl`、`summary.txt`、`report.md`
- 证据口径：`lsm_cred_alloc_blank/lsm_cred_transfer` 已 scoped 配置并随 Agent attach；普通用户态 workload 未稳定触发 runtime hit，结果明确记录 `deep_hook_runtime_note=no-userland-hit-observed`。

验证入口：

```bash
sudo tests/integration/test_security_policy_credential_deep_hooks.sh
sudo tests/integration/test_policy_engine_security_network_resource.sh
sudo tests/integration/test_policy_engine_security_network_resource.sh --repeat 10
```

双机已通过结果目录：

- 121：`results/policy_engine/security-network-resource-20260629-214952`
- 122：`results/policy_engine/security-network-resource-20260629-215950`

## 结果文件清单

v3.1 结果目录至少应包含：

- `before_rate.txt`
- `after_rate.txt`
- `tc_qdisc_before.txt`
- `tc_qdisc_after.txt`
- `tc_qdisc_rollback.txt`
- `policy_engine_events.jsonl`
- `security_policy_events.jsonl`
- `network_policy_events.jsonl`
- `resource_control_events.jsonl`
- `action_journal.jsonl`
- `summary.txt`
- `report.md`

## 演示入口

一键演示脚本：

```bash
sudo demo/demo_all_final.sh --mode live
demo/demo_all_final.sh --mode offline
sudo demo/demo_all_final.sh --cleanup
```

演示说明：`docs/demo_final_runbook.md`

演示顺序：

```text
check_env
-> list-skills
-> validate-config
-> doctor-skills
-> CPU sched_ext 结果展示
-> Network QoS/XDP
-> Security anomaly/LSM
-> Resource CPU/Memory/IO
-> Policy Engine cross-skill v1/v2
-> rollback/status
```


## v3.2 真实 runtime / Kubernetes Pod 证据

v3.2 计划：`docs/next_phase_plan_v3_2.md`

2026-06-30 Podman 真实 runtime 已转 pass：

- 121 Podman runtime readiness：`results/resource_control/runtime-readiness-20260630-podman-121`，`container_runtime_ready=1`、`kubernetes_ready=0`
- 122 Podman runtime readiness：`results/resource_control/runtime-readiness-20260630-podman-122`，`container_runtime_ready=1`、`kubernetes_ready=0`
- 121 fake runtime target 回归：`results/resource_control/runtime-target-20260630-113310`
- 122 fake runtime target 回归：`results/resource_control/runtime-target-20260630-113354`
- 121 real Podman container target：`results/resource_control/real-runtime-target-20260630-podman-121-final2`
- 122 real Podman container target：`results/resource_control/real-runtime-target-20260630-podman-122-final2`

2026-06-30 k3s Kubernetes lab 已转 pass：

- 121 k3s readiness：`results/resource_control/runtime-readiness-20260630-k3s-121`，`container_runtime_ready=1`、`kubernetes_ready=1`
- 122 k3s readiness：`results/resource_control/runtime-readiness-20260630-k3s-122`，`container_runtime_ready=1`、`kubernetes_ready=1`
- 121 real Pod cgroup target：`results/resource_control/real-pod-target-20260630-k3s-121-v2`
- 122 real Pod cgroup target：`results/resource_control/real-pod-target-20260630-k3s-122-v1`
- 121 real Pod host veth QoS：`results/network_policy/real-pod-veth-qos-20260630-k3s-121-v2`
- 122 real Pod host veth QoS：`results/network_policy/real-pod-veth-qos-20260630-k3s-122-v1`
- 121 real Pod host veth XDP ICMP/TCP/UDP + UDP tuple：`results/network_policy/real-pod-veth-xdp-20260703-k3s-121-tuple-v1`
- 122 real Pod host veth XDP ICMP/TCP/UDP + UDP tuple：`results/network_policy/real-pod-veth-xdp-20260703-k3s-122-tuple-v1`
- 121 isolated-veth XDP ICMP/TCP/UDP + UDP tuple：`results/network_policy/xdp-20260703-121-fields-v1`
- 122 isolated-veth XDP ICMP/TCP/UDP + UDP tuple：`results/network_policy/xdp-20260703-122-fields-v1`
- 121 Security credential anomaly：`results/security_policy/credential-anomaly-20260703-121-v4`
- 122 Security credential anomaly：`results/security_policy/credential-anomaly-20260703-122-v4`
- 121 Security anomaly combo scope：`results/security_policy/anomaly-combo-scope-20260703-121-v1`
- 122 Security anomaly combo scope：`results/security_policy/anomaly-combo-scope-20260703-122-v1`
- 121 Security credential deep hooks：`results/security_policy/credential-deep-hooks-20260703-121-v2`
- 122 Security credential deep hooks：`results/security_policy/credential-deep-hooks-20260703-122-v2`
- 121 real Pod Policy Engine 联动：`results/policy_engine/real-pod-security-network-resource-20260630-k3s-121-v1`
- 122 real Pod Policy Engine 联动：`results/policy_engine/real-pod-security-network-resource-20260630-k3s-122-v1`

== latest policy engine v3.1 results ==
/root/EulerPilot/results/policy_engine/security-network-resource-20260629-214952
/root/EulerPilot/results/policy_engine/security-network-resource-20260629-215950
/root/EulerPilot/results/policy_engine/security-network-resource-20260630-102629
/root/EulerPilot/results/policy_engine/security-network-resource-20260705-211329
/root/EulerPilot/results/policy_engine/security-network-resource-20260705-211407

== summary ==
result=pass
repeat=10
success_cases=10
failure_rollback=pass
result_dir=results/policy_engine/security-network-resource-20260705-211407

== report ==
# EulerPilot v3.1 Policy Engine Security -> Network + Resource Report

- result: `pass`
- repeat: `10`
- success chain: `security_policy burst_connect -> policy_engine -> resource_control + network_qos -> rollback`
- failure chain: resource action applied, network action failed, resource rollback verified

Each iteration stores security, policy_engine, network_qos, resource_control and ActionJournal JSONL evidence plus TC qdisc and rate probe files.
